Archive member included to satisfy reference by file (symbol)

c:/program files (x86)/atmel/studio/7.0/toolchain/avr8/avr8-gnu-toolchain/bin/../lib/gcc/avr/5.4.0/avr5\libgcc.a(_udivmodhi4.o)
                              main.o (__udivmodhi4)
c:/program files (x86)/atmel/studio/7.0/toolchain/avr8/avr8-gnu-toolchain/bin/../lib/gcc/avr/5.4.0/avr5\libgcc.a(_divmodhi4.o)
                              main.o (__divmodhi4)
c:/program files (x86)/atmel/studio/7.0/toolchain/avr8/avr8-gnu-toolchain/bin/../lib/gcc/avr/5.4.0/avr5\libgcc.a(_exit.o)
                              c:/program files (x86)/atmel/studio/7.0/toolchain/avr8/avr8-gnu-toolchain/bin/../lib/gcc/avr/5.4.0/../../../../avr/lib/avr5/crtatmega328p.o (exit)
c:/program files (x86)/atmel/studio/7.0/toolchain/avr8/avr8-gnu-toolchain/bin/../lib/gcc/avr/5.4.0/avr5\libgcc.a(_copy_data.o)
                              ip_arp_udp_tcp.o (__do_copy_data)
c:/program files (x86)/atmel/studio/7.0/toolchain/avr8/avr8-gnu-toolchain/bin/../lib/gcc/avr/5.4.0/avr5\libgcc.a(_clear_bss.o)
                              enc28j60.o (__do_clear_bss)
c:/program files (x86)/atmel/studio/7.0/toolchain/avr8/avr8-gnu-toolchain/bin/../lib/gcc/avr/5.4.0/../../../../avr/lib/avr5\libc.a(strtoul.o)
                              main.o (strtoul)
c:/program files (x86)/atmel/studio/7.0/toolchain/avr8/avr8-gnu-toolchain/bin/../lib/gcc/avr/5.4.0/../../../../avr/lib/avr5\libc.a(atoi.o)
                              main.o (atoi)
c:/program files (x86)/atmel/studio/7.0/toolchain/avr8/avr8-gnu-toolchain/bin/../lib/gcc/avr/5.4.0/../../../../avr/lib/avr5\libc.a(isalnum.o)
                              websrv_help_functions.o (isalnum)
c:/program files (x86)/atmel/studio/7.0/toolchain/avr8/avr8-gnu-toolchain/bin/../lib/gcc/avr/5.4.0/../../../../avr/lib/avr5\libc.a(cty_isfalse.o)
                              c:/program files (x86)/atmel/studio/7.0/toolchain/avr8/avr8-gnu-toolchain/bin/../lib/gcc/avr/5.4.0/../../../../avr/lib/avr5\libc.a(isalnum.o) (__ctype_isfalse)
c:/program files (x86)/atmel/studio/7.0/toolchain/avr8/avr8-gnu-toolchain/bin/../lib/gcc/avr/5.4.0/../../../../avr/lib/avr5\libc.a(isalpha.o)
                              c:/program files (x86)/atmel/studio/7.0/toolchain/avr8/avr8-gnu-toolchain/bin/../lib/gcc/avr/5.4.0/../../../../avr/lib/avr5\libc.a(isalnum.o) (isalpha)
c:/program files (x86)/atmel/studio/7.0/toolchain/avr8/avr8-gnu-toolchain/bin/../lib/gcc/avr/5.4.0/../../../../avr/lib/avr5\libc.a(isspace.o)
                              c:/program files (x86)/atmel/studio/7.0/toolchain/avr8/avr8-gnu-toolchain/bin/../lib/gcc/avr/5.4.0/../../../../avr/lib/avr5\libc.a(strtoul.o) (isspace)
c:/program files (x86)/atmel/studio/7.0/toolchain/avr8/avr8-gnu-toolchain/bin/../lib/gcc/avr/5.4.0/../../../../avr/lib/avr5\libc.a(isblank.o)
                              ip_arp_udp_tcp.o (isblank)
c:/program files (x86)/atmel/studio/7.0/toolchain/avr8/avr8-gnu-toolchain/bin/../lib/gcc/avr/5.4.0/../../../../avr/lib/avr5\libc.a(memcpy_P.o)
                              main.o (memcpy_P)
c:/program files (x86)/atmel/studio/7.0/toolchain/avr8/avr8-gnu-toolchain/bin/../lib/gcc/avr/5.4.0/../../../../avr/lib/avr5\libc.a(strncmp_P.o)
                              main.o (strncmp_P)
c:/program files (x86)/atmel/studio/7.0/toolchain/avr8/avr8-gnu-toolchain/bin/../lib/gcc/avr/5.4.0/../../../../avr/lib/avr5\libc.a(strtok.o)
                              main.o (strtok)
c:/program files (x86)/atmel/studio/7.0/toolchain/avr8/avr8-gnu-toolchain/bin/../lib/gcc/avr/5.4.0/../../../../avr/lib/avr5\libc.a(memcmp.o)
                              ip_arp_udp_tcp.o (memcmp)
c:/program files (x86)/atmel/studio/7.0/toolchain/avr8/avr8-gnu-toolchain/bin/../lib/gcc/avr/5.4.0/../../../../avr/lib/avr5\libc.a(strcat.o)
                              main.o (strcat)
c:/program files (x86)/atmel/studio/7.0/toolchain/avr8/avr8-gnu-toolchain/bin/../lib/gcc/avr/5.4.0/../../../../avr/lib/avr5\libc.a(strchr.o)
                              main.o (strchr)
c:/program files (x86)/atmel/studio/7.0/toolchain/avr8/avr8-gnu-toolchain/bin/../lib/gcc/avr/5.4.0/../../../../avr/lib/avr5\libc.a(strcmp.o)
                              main.o (strcmp)
c:/program files (x86)/atmel/studio/7.0/toolchain/avr8/avr8-gnu-toolchain/bin/../lib/gcc/avr/5.4.0/../../../../avr/lib/avr5\libc.a(strcpy.o)
                              main.o (strcpy)
c:/program files (x86)/atmel/studio/7.0/toolchain/avr8/avr8-gnu-toolchain/bin/../lib/gcc/avr/5.4.0/../../../../avr/lib/avr5\libc.a(strncmp.o)
                              main.o (strncmp)
c:/program files (x86)/atmel/studio/7.0/toolchain/avr8/avr8-gnu-toolchain/bin/../lib/gcc/avr/5.4.0/../../../../avr/lib/avr5\libc.a(strncpy.o)
                              main.o (strncpy)
c:/program files (x86)/atmel/studio/7.0/toolchain/avr8/avr8-gnu-toolchain/bin/../lib/gcc/avr/5.4.0/../../../../avr/lib/avr5\libc.a(strtok_r.o)
[...]
Memory Configuration

Name             Origin             Length             Attributes
text             0x00000000         0x00020000         xr
data             0x00800060         0x0000ffa0         rw !x
eeprom           0x00810000         0x00010000         rw !x
fuse             0x00820000         0x00000003         rw !x
lock             0x00830000         0x00000400         rw !x
signature        0x00840000         0x00000400         rw !x
user_signatures  0x00850000         0x00000400         rw !x
*default*        0x00000000         0xffffffff

Linker script and memory map

Address of section .data set to 0x800100
LOAD c:/program files (x86)/atmel/studio/7.0/toolchain/avr8/avr8-gnu-toolchain/bin/../lib/gcc/avr/5.4.0/../../../../avr/lib/avr5/crtatmega328p.o
LOAD enc28j60.o
LOAD hw_dht.o
LOAD ip_arp_udp_tcp.o
LOAD main.o
LOAD websrv_help_functions.o
START GROUP
LOAD c:/program files (x86)/atmel/studio/7.0/toolchain/avr8/avr8-gnu-toolchain/bin/../lib/gcc/avr/5.4.0/../../../../avr/lib/avr5\libm.a
END GROUP
START GROUP
LOAD c:/program files (x86)/atmel/studio/7.0/toolchain/avr8/avr8-gnu-toolchain/bin/../lib/gcc/avr/5.4.0/avr5\libgcc.a
LOAD c:/program files (x86)/atmel/studio/7.0/toolchain/avr8/avr8-gnu-toolchain/bin/../lib/gcc/avr/5.4.0/../../../../avr/lib/avr5\libm.a
LOAD c:/program files (x86)/atmel/studio/7.0/toolchain/avr8/avr8-gnu-toolchain/bin/../lib/gcc/avr/5.4.0/../../../../avr/lib/avr5\libc.a
LOAD c:/program files (x86)/atmel/studio/7.0/toolchain/avr8/avr8-gnu-toolchain/bin/../lib/gcc/avr/5.4.0/../../../../avr/lib/avr5\libatmega328p.a
END GROUP
                0x00020000                __TEXT_REGION_LENGTH__ = DEFINED (__TEXT_REGION_LENGTH__)?__TEXT_REGION_LENGTH__:0x20000
                0x0000ffa0                __DATA_REGION_LENGTH__ = DEFINED (__DATA_REGION_LENGTH__)?__DATA_REGION_LENGTH__:0xffa0
                0x00010000                __EEPROM_REGION_LENGTH__ = DEFINED (__EEPROM_REGION_LENGTH__)?__EEPROM_REGION_LENGTH__:0x10000
                [0x00000003]                __FUSE_REGION_LENGTH__ = DEFINED (__FUSE_REGION_LENGTH__)?__FUSE_REGION_LENGTH__:0x400
                0x00000400                __LOCK_REGION_LENGTH__ = DEFINED (__LOCK_REGION_LENGTH__)?__LOCK_REGION_LENGTH__:0x400
                0x00000400                __SIGNATURE_REGION_LENGTH__ = DEFINED (__SIGNATURE_REGION_LENGTH__)?__SIGNATURE_REGION_LENGTH__:0x400
                0x00000400                __USER_SIGNATURE_REGION_LENGTH__ = DEFINED (__USER_SIGNATURE_REGION_LENGTH__)?__USER_SIGNATURE_REGION_LENGTH__:0x400

.hash
 *(.hash)

.dynsym
 *(.dynsym)

.dynstr
 *(.dynstr)

.gnu.version
 *(.gnu.version)

.gnu.version_d
 *(.gnu.version_d)

.gnu.version_r
 *(.gnu.version_r)

.rel.init
 *(.rel.init)

.rela.init
 *(.rela.init)

.rel.text
 *(.rel.text)
 *(.rel.text.*)
 *(.rel.gnu.linkonce.t*)

.rela.text
 *(.rela.text)
 *(.rela.text.*)
 *(.rela.gnu.linkonce.t*)

.rel.fini
 *(.rel.fini)

.rela.fini
 *(.rela.fini)

.rel.rodata
 *(.rel.rodata)
 *(.rel.rodata.*)
 *(.rel.gnu.linkonce.r*)

.rela.rodata
 *(.rela.rodata)
 *(.rela.rodata.*)
 *(.rela.gnu.linkonce.r*)

.rel.data
 *(.rel.data)
 *(.rel.data.*)
 *(.rel.gnu.linkonce.d*)

.rela.data
 *(.rela.data)
 *(.rela.data.*)
 *(.rela.gnu.linkonce.d*)

.rel.ctors
 *(.rel.ctors)

.rela.ctors
 *(.rela.ctors)

.rel.dtors
 *(.rel.dtors)

.rela.dtors
 *(.rela.dtors)

.rel.got
 *(.rel.got)

.rela.got
 *(.rela.got)

.rel.bss
 *(.rel.bss)

.rela.bss
 *(.rela.bss)

.rel.plt
 *(.rel.plt)

.rela.plt
 *(.rela.plt)

.text           0x00000000     0x70b0
 *(.vectors)
 .vectors       0x00000000       0x68 c:/program files (x86)/atmel/studio/7.0/toolchain/avr8/avr8-gnu-toolchain/bin/../lib/gcc/avr/5.4.0/../../../../avr/lib/avr5/crtatmega328p.o
                0x00000000                __vector_default
                0x00000000                __vectors
 *(.vectors)
 *(.progmem.gcc*)
                0x00000068                . = ALIGN (0x2)
                0x00000068                __trampolines_start = .
 *(.trampolines)
 .trampolines   0x00000068        0x0 linker stubs
 *(.trampolines*)
                0x00000068                __trampolines_end = .
 *libprintf_flt.a:*(.progmem.data)
 *libc.a:*(.progmem.data)
 *(.progmem*)
 .progmem.data.__c.2459
                0x00000068       0x2b ip_arp_udp_tcp.o
 .progmem.data.__c.2457
                0x00000093       0x12 ip_arp_udp_tcp.o
 .progmem.data.__c.2455
                0x000000a5        0x5 ip_arp_udp_tcp.o
 .progmem.data.arpreqhdr
                0x000000aa        0x8 ip_arp_udp_tcp.o
                0x000000aa                arpreqhdr
 .progmem.data.iphdr
                0x000000b2        0x9 ip_arp_udp_tcp.o
                0x000000b2                iphdr
 .progmem.data.__c.3172
                0x000000bb        0x5 main.o
 .progmem.data.__c.3170
                0x000000c0        0x3 main.o
 .progmem.data.__c.3168
                0x000000c3        0x4 main.o
 .progmem.data.__c.3166
                0x000000c7        0x3 main.o
 .progmem.data.__c.3164
                0x000000ca        0x4 main.o
 .progmem.data.__c.3162
                0x000000ce        0x3 main.o
 .progmem.data.__c.3160
                0x000000d1        0x3 main.o
 .progmem.data.__c.3158
                0x000000d4        0xe main.o
 .progmem.data.__c.3156
                0x000000e2       0x21 main.o
 .progmem.data.__c.3154
                0x00000103       0x28 main.o
 .progmem.data.__c.3152
                0x0000012b        0x5 main.o
 .progmem.data.__c.3150
                0x00000130       0x34 main.o
 .progmem.data.__c.3148
                0x00000164       0x24 main.o
 .progmem.data.__c.3146
                0x00000188       0x1f main.o
 .progmem.data.__c.3144
                0x000001a7       0x14 main.o
 .progmem.data.__c.3142
                0x000001bb       0x20 main.o
 .progmem.data.__c.3140
                0x000001db       0x24 main.o
 .progmem.data.__c.3138
                0x000001ff       0x1c main.o
 .progmem.data.__c.3136
                0x0000021b       0x25 main.o
 .progmem.data.__c.3134
                0x00000240        0x3 main.o
 .progmem.data.__c.3132
                0x00000243        0xa main.o
 .progmem.data.__c.3130
                0x0000024d        0x3 main.o
 .progmem.data.__c.3128
                0x00000250       0x16 main.o
 .progmem.data.__c.3126
                0x00000266       0x18 main.o
 .progmem.data.__c.3124
                0x0000027e       0x16 main.o
 .progmem.data.__c.3118
                0x00000294       0x17 main.o
 .progmem.data.__c.3105
                0x000002ab        0x2 main.o
 .progmem.data.__c.3100
                0x000002ad        0x2 main.o
 .progmem.data.__c.3098
                0x000002af        0xd main.o
 .progmem.data.__c.3096
                0x000002bc       0x13 main.o
 .progmem.data.__c.3094
                0x000002cf       0x14 main.o
 .progmem.data.__c.3092
                0x000002e3       0x27 main.o
 .progmem.data.__c.3090
                0x0000030a       0x27 main.o
 .progmem.data.__c.3088
                0x00000331       0x32 main.o
 .progmem.data.__c.3086
                0x00000363        0xe main.o
 .progmem.data.__c.3084
                0x00000371       0x13 main.o
 .progmem.data.__c.3082
                0x00000384       0x28 main.o
 .progmem.data.__c.3080
                0x000003ac        0xc main.o
 .progmem.data.__c.3078
                0x000003b8       0x12 main.o
 .progmem.data.__c.3076
                0x000003ca       0x1f main.o
 .progmem.data.__c.3074
                0x000003e9       0x1c main.o
 .progmem.data.__c.3072
                0x00000405        0x9 main.o
 .progmem.data.__c.3070
                0x0000040e       0x2d main.o
 .progmem.data.__c.3068
                0x0000043b       0x33 main.o
 .progmem.data.__c.3066
                0x0000046e       0x14 main.o
 .progmem.data.__c.3064
                0x00000482       0x12 main.o
 .progmem.data.__c.3062
                0x00000494       0x28 main.o
 .progmem.data.__c.3060
                0x000004bc       0x29 main.o
 .progmem.data.__c.3058
                0x000004e5        0x2 main.o
 .progmem.data.__c.3056
                0x000004e7        0x4 main.o
 .progmem.data.__c.3054
                0x000004eb        0xc main.o
 .progmem.data.__c.3052
                0x000004f7       0x22 main.o
 .progmem.data.__c.3050
                0x00000519       0x21 main.o
 .progmem.data.__c.3048
                0x0000053a       0x20 main.o
 .progmem.data.__c.3046
                0x0000055a       0x2c main.o
 .progmem.data.__c.3044
                0x00000586       0x12 main.o
 .progmem.data.__c.3042
                0x00000598       0x12 main.o
 .progmem.data.__c.3040
                0x000005aa       0x12 main.o
 .progmem.data.__c.3038
                0x000005bc       0x24 main.o
 .progmem.data.__c.3036
                0x000005e0        0xa main.o
 .progmem.data.__c.3034
                0x000005ea        0x5 main.o
 .progmem.data.__c.3032
                0x000005ef       0x10 main.o
 .progmem.data.__c.3030
                0x000005ff        0x6 main.o
 .progmem.data.__c.3028
                0x00000605       0x14 main.o
 .progmem.data.__c.3026
                0x00000619       0x13 main.o
 .progmem.data.__c.3024
                0x0000062c       0x13 main.o
 .progmem.data.__c.3022
                0x0000063f       0x28 main.o
 .progmem.data.__c.3020
                0x00000667        0xa main.o
 .progmem.data.__c.3018
                0x00000671        0x3 main.o
 .progmem.data.__c.3016
                0x00000674        0x2 main.o
 .progmem.data.__c.3014
                0x00000676        0x2 main.o
 .progmem.data.__c.3012
                0x00000678        0x3 main.o
 .progmem.data.__c.3010
                0x0000067b        0x2 main.o
 .progmem.data.__c.3008
                0x0000067d        0x7 main.o
 .progmem.data.__c.3006
                0x00000684       0x18 main.o
 .progmem.data.__c.3004
                0x0000069c       0x1d main.o
 .progmem.data.__c.3002
                0x000006b9        0x2 main.o
 .progmem.data.__c.3000
                0x000006bb       0x2a main.o
 .progmem.data.__c.2998
                0x000006e5       0x23 main.o
 .progmem.data.__c.2996
                0x00000708        0xa main.o
 .progmem.data.__c.2994
                0x00000712        0x3 main.o
 .progmem.data.__c.2992
                0x00000715       0x28 main.o
 .progmem.data.__c.2985
                0x0000073d        0x2 main.o
 .progmem.data.__c.2983
                0x0000073f        0x2 main.o
 .progmem.data.__c.2981
                0x00000741        0x2 main.o
 .progmem.data.__c.2979
                0x00000743        0xe main.o
 .progmem.data.__c.2977
                0x00000751        0x6 main.o
 .progmem.data.__c.2975
                0x00000757        0x6 main.o
 .progmem.data.__c.2973
                0x0000075d        0x2 main.o
 .progmem.data.__c.2958
                0x0000075f       0x2a main.o
 .progmem.data.__c.2955
                0x00000789       0x12 main.o
 .progmem.data.__c.2952
                0x0000079b        0x5 main.o
 .progmem.data.__c.2950
                0x000007a0        0x5 main.o
 .progmem.data.__c.2947
                0x000007a5        0x5 main.o
 .progmem.data.__c.2945
                0x000007aa        0x5 main.o
 .progmem.data.__c.2943
                0x000007af        0x2 main.o
 .progmem.data.__c.2923
                0x000007b1        0x2 main.o
 .progmem.data.__c.2908
                0x000007b3        0x2 main.o
 .progmem.data.__c.2902
                0x000007b5        0x2 main.o
 .progmem.data.__c.2752
                0x000007b7       0x2d main.o
 .progmem.data.html_cmd
                0x000007e4        0x6 main.o
                0x000007e4                html_cmd
 .progmem.data.html_pt
                0x000007ea        0x6 main.o
                0x000007ea                html_pt
 .progmem.data.html_off
                0x000007f0        0x4 main.o
                0x000007f0                html_off
 .progmem.data.html_on
                0x000007f4        0x3 main.o
                0x000007f4                html_on
 .progmem.data.html_in
                0x000007f7        0x3 main.o
                0x000007f7                html_in
 .progmem.data.html_out
                0x000007fa        0x4 main.o
                0x000007fa                html_out
 .progmem.data.html_scbr
                0x000007fe        0x7 main.o
                0x000007fe                html_scbr
 .progmem.data.html_cbr
                0x00000805        0x6 main.o
                0x00000805                html_cbr
 .progmem.data.html_br
                0x0000080b        0x5 main.o
                0x0000080b                html_br
 .progmem.data.html_ahref
                0x00000810        0xa main.o
                0x00000810                html_ahref
 .progmem.data.html_cl
                0x0000081a        0x2 main.o
                0x0000081a                html_cl
 .progmem.data.html_checked
                0x0000081c        0x9 main.o
                0x0000081c                html_checked
 .progmem.data.html_input_hidden
                0x00000825       0x19 main.o
                0x00000825                html_input_hidden
 .progmem.data.html_submit
                0x0000083e       0x2a main.o
                0x0000083e                html_submit
 .progmem.data.html_form
                0x00000868        0xf main.o
                0x00000868                html_form
 .progmem.data.selected
                0x00000877        0xa main.o
                0x00000877                selected
                0x00000882                . = ALIGN (0x2)
 *fill*         0x00000881        0x1 
 *(.jumptables)
 *(.jumptables*)
 *(.lowtext)
 *(.lowtext*)
                0x00000882                __ctors_start = .
 *(.ctors)
                0x00000882                __ctors_end = .
                0x00000882                __dtors_start = .
 *(.dtors)
                0x00000882                __dtors_end = .
 SORT(*)(.ctors)
 SORT(*)(.dtors)
 *(.init0)
 .init0         0x00000882        0x0 c:/program files (x86)/atmel/studio/7.0/toolchain/avr8/avr8-gnu-toolchain/bin/../lib/gcc/avr/5.4.0/../../../../avr/lib/avr5/crtatmega328p.o
                0x00000882                __init
 *(.init0)
 *(.init1)
 *(.init1)
 *(.init2)
 .init2         0x00000882        0xc c:/program files (x86)/atmel/studio/7.0/toolchain/avr8/avr8-gnu-toolchain/bin/../lib/gcc/avr/5.4.0/../../../../avr/lib/avr5/crtatmega328p.o
 *(.init2)
 *(.init3)
 *(.init3)
 *(.init4)
 .init4         0x0000088e       0x16 c:/program files (x86)/atmel/studio/7.0/toolchain/avr8/avr8-gnu-toolchain/bin/../lib/gcc/avr/5.4.0/avr5\libgcc.a(_copy_data.o)
                0x0000088e                __do_copy_data
 .init4         0x000008a4       0x10 c:/program files (x86)/atmel/studio/7.0/toolchain/avr8/avr8-gnu-toolchain/bin/../lib/gcc/avr/5.4.0/avr5\libgcc.a(_clear_bss.o)
                0x000008a4                __do_clear_bss
 *(.init4)
 *(.init5)
 *(.init5)
 *(.init6)
 *(.init6)
 *(.init7)
 *(.init7)
 *(.init8)
 *(.init8)
 *(.init9)
 .init9         0x000008b4        0x8 c:/program files (x86)/atmel/studio/7.0/toolchain/avr8/avr8-gnu-toolchain/bin/../lib/gcc/avr/5.4.0/../../../../avr/lib/avr5/crtatmega328p.o
 *(.init9)
 *(.text)
 .text          0x000008bc        0x4 c:/program files (x86)/atmel/studio/7.0/toolchain/avr8/avr8-gnu-toolchain/bin/../lib/gcc/avr/5.4.0/../../../../avr/lib/avr5/crtatmega328p.o
                0x000008bc                __vector_22
                0x000008bc                __vector_1
                0x000008bc                __vector_24
                0x000008bc                __vector_12
                0x000008bc                __bad_interrupt
                0x000008bc                __vector_6
                0x000008bc                __vector_3
                0x000008bc                __vector_23
                0x000008bc                __vector_25
                0x000008bc                __vector_13
                0x000008bc                __vector_17
                0x000008bc                __vector_19
                0x000008bc                __vector_7
                0x000008bc                __vector_5
                0x000008bc                __vector_4
                0x000008bc                __vector_9
                0x000008bc                __vector_2
                0x000008bc                __vector_21
                0x000008bc                __vector_15
                0x000008bc                __vector_8
                0x000008bc                __vector_14
                0x000008bc                __vector_10
                0x000008bc                __vector_16
                0x000008bc                __vector_18
                0x000008bc                __vector_20
                0x000008c0                . = ALIGN (0x2)
 *(.text.*)
 .text.enc28j60ReadOp
                0x000008c0       0x2c enc28j60.o
                0x000008c0                enc28j60ReadOp
 .text.enc28j60WriteOp
                0x000008ec       0x1a enc28j60.o
                0x000008ec                enc28j60WriteOp
 .text.enc28j60ReadBuffer
                0x00000906       0x2c enc28j60.o
                0x00000906                enc28j60ReadBuffer
 .text.enc28j60WriteBuffer
                0x00000932       0x2a enc28j60.o
                0x00000932                enc28j60WriteBuffer
 .text.enc28j60SetBank
                0x0000095c       0x44 enc28j60.o
                0x0000095c                enc28j60SetBank
 .text.enc28j60Read
                0x000009a0       0x12 enc28j60.o
                0x000009a0                enc28j60Read
 .text.enc28j60Write
                0x000009b2       0x1a enc28j60.o
                0x000009b2                enc28j60Write
 .text.enc28j60PhyReadH
                0x000009cc       0x32 enc28j60.o
                0x000009cc                enc28j60PhyReadH
 .text.enc28j60PhyWrite
                0x000009fe       0x3a enc28j60.o
                0x000009fe                enc28j60PhyWrite
 .text.enc28j60clkout
                0x00000a38        0xa enc28j60.o
                0x00000a38                enc28j60clkout
 .text.enc28j60Init
                0x00000a42      0x142 enc28j60.o
                0x00000a42                enc28j60Init
 .text.enc28j60EnableBroadcast
                0x00000b84       0x10 enc28j60.o
                0x00000b84                enc28j60EnableBroadcast
 .text.enc28j60linkup
                0x00000b94       0x12 enc28j60.o
                0x00000b94                enc28j60linkup
 .text.enc28j60PacketSend
                0x00000ba6       0x80 enc28j60.o
                0x00000ba6                enc28j60PacketSend
 .text.enc28j60PacketReceive
                0x00000c26       0xfc enc28j60.o
                0x00000c26                enc28j60PacketReceive
 .text.dht_getdata
                0x00000d22      0x2dc hw_dht.o
                0x00000d22                dht_getdata
 .text.dht_gettemperaturehumidity
                0x00000ffe        0x4 hw_dht.o
                0x00000ffe                dht_gettemperaturehumidity
 .text.www_client_internal_result_callback
                0x00001002      0x10c ip_arp_udp_tcp.o
                0x00001002                www_client_internal_result_callback
 .text.checksum
                0x0000110e       0xb6 ip_arp_udp_tcp.o
                0x0000110e                checksum
 .text.init_mac
                0x000011c4       0x16 ip_arp_udp_tcp.o
                0x000011c4                init_mac
 .text.client_ifconfig
                0x000011da       0x34 ip_arp_udp_tcp.o
                0x000011da                client_ifconfig
 .text.check_ip_message_is_from
                0x0000120e       0x1e ip_arp_udp_tcp.o
                0x0000120e                check_ip_message_is_from
 .text.eth_type_is_arp_and_my_ip
                0x0000122c       0x32 ip_arp_udp_tcp.o
                0x0000122c                eth_type_is_arp_and_my_ip
 .text.eth_type_is_ip_and_my_ip
                0x0000125e       0x42 ip_arp_udp_tcp.o
                0x0000125e                eth_type_is_ip_and_my_ip
 .text.make_eth
                0x000012a0       0x18 ip_arp_udp_tcp.o
                0x000012a0                make_eth
 .text.fill_ip_hdr_checksum
                0x000012b8       0x2a ip_arp_udp_tcp.o
                0x000012b8                fill_ip_hdr_checksum
 .text.make_ip  0x000012e2       0x20 ip_arp_udp_tcp.o
                0x000012e2                make_ip
 .text.step_seq
                0x00001302       0x26 ip_arp_udp_tcp.o
                0x00001302                step_seq
 .text.make_tcphead
                0x00001328       0x2a ip_arp_udp_tcp.o
                0x00001328                make_tcphead
 .text.make_arp_answer_from_request
                0x00001352       0x5c ip_arp_udp_tcp.o
                0x00001352                make_arp_answer_from_request
 .text.make_echo_reply_from_request
                0x000013ae       0x38 ip_arp_udp_tcp.o
                0x000013ae                make_echo_reply_from_request
 .text.get_tcp_data_len
                0x000013e6       0x2e ip_arp_udp_tcp.o
                0x000013e6                get_tcp_data_len
 .text.fill_tcp_data_p
                0x00001414       0x34 ip_arp_udp_tcp.o
                0x00001414                fill_tcp_data_p
 .text.fill_tcp_data_len
                0x00001448       0x26 ip_arp_udp_tcp.o
                0x00001448                fill_tcp_data_len
 .text.fill_tcp_data
                0x0000146e       0x14 ip_arp_udp_tcp.o
                0x0000146e                fill_tcp_data
 .text.www_client_internal_datafill_callback
                0x00001482       0x78 ip_arp_udp_tcp.o
                0x00001482                www_client_internal_datafill_callback
 .text.make_tcp_ack_from_any
                0x000014fa       0x6c ip_arp_udp_tcp.o
                0x000014fa                make_tcp_ack_from_any
 .text.make_tcp_ack_with_data_noflags
                0x00001566       0x44 ip_arp_udp_tcp.o
                0x00001566                make_tcp_ack_with_data_noflags
 .text.make_tcp_synack_from_syn
                0x000015aa       0x70 ip_arp_udp_tcp.o
                0x000015aa                make_tcp_synack_from_syn
 .text.www_server_reply
                0x0000161a       0x2e ip_arp_udp_tcp.o
                0x0000161a                www_server_reply
 .text.fill_buf_p
                0x00001648       0x1c ip_arp_udp_tcp.o
                0x00001648                fill_buf_p
 .text.send_udp_prepare
                0x00001664       0xac ip_arp_udp_tcp.o
                0x00001664                send_udp_prepare
 .text.send_udp_transmit
                0x00001710       0x48 ip_arp_udp_tcp.o
                0x00001710                send_udp_transmit
 .text.client_arp_whohas
                0x00001758       0xb4 ip_arp_udp_tcp.o
                0x00001758                client_arp_whohas
 .text.get_mac_with_arp_wait
                0x0000180c        0xe ip_arp_udp_tcp.o
                0x0000180c                get_mac_with_arp_wait
 .text.get_mac_with_arp
                0x0000181a       0x28 ip_arp_udp_tcp.o
                0x0000181a                get_mac_with_arp
 .text.tcp_client_syn
                0x00001842      0x108 ip_arp_udp_tcp.o
                0x00001842                tcp_client_syn
 .text.client_tcp_req
                0x0000194a       0x64 ip_arp_udp_tcp.o
                0x0000194a                client_tcp_req
 .text.client_browse_url
                0x000019ae       0x9a ip_arp_udp_tcp.o
                0x000019ae                client_browse_url
 .text.packetloop_arp_icmp_tcp
                0x00001a48      0x342 ip_arp_udp_tcp.o
                0x00001a48                packetloop_arp_icmp_tcp
 .text.browserresult_callback_empty
                0x00001d8a        0x8 main.o
                0x00001d8a                browserresult_callback_empty
 .text.decode_ip
                0x00001d92       0x74 main.o
 .text.arpresolver_result_callback
                0x00001e06       0x18 main.o
                0x00001e06                arpresolver_result_callback
 .text.arpresolver_result_callback2
                0x00001e1e       0x18 main.o
                0x00001e1e                arpresolver_result_callback2
 .text.ds18b20_reset
                0x00001e36       0x72 main.o
                0x00001e36                ds18b20_reset
 .text.ds18b20_writebit
                0x00001ea8       0x64 main.o
                0x00001ea8                ds18b20_writebit
 .text.ds18b20_readbit
                0x00001f0c       0x78 main.o
                0x00001f0c                ds18b20_readbit
 .text.ds18b20_writebyte
                0x00001f84       0x26 main.o
                0x00001f84                ds18b20_writebyte
 .text.ds18b20_readbyte
                0x00001faa       0x2e main.o
                0x00001faa                ds18b20_readbyte
 .text.ds18b20_gettemp
                0x00001fd8       0xc0 main.o
                0x00001fd8                ds18b20_gettemp
 .text.crc8     0x00002098       0x16 main.o
                0x00002098                crc8
 .text.http200ok
                0x000020ae       0x10 main.o
                0x000020ae                http200ok
 .text.analyse_get_url
                0x000020be       0x50 main.o
                0x000020be                analyse_get_url
 .text.sw_ocr   0x0000210e       0x22 main.o
                0x0000210e                sw_ocr
 .text.sw_port  0x00002130       0x6e main.o
                0x00002130                sw_port
 .text.port_execute
                0x0000219e      0x5ea main.o
                0x0000219e                port_execute
 .text.browserresult_callback
                0x00002788      0x190 main.o
                0x00002788                browserresult_callback
 .text.__vector_11
                0x00002918      0x330 main.o
                0x00002918                __vector_11
 .text.get_key_press
                0x00002c48       0x12 main.o
                0x00002c48                get_key_press
 .text.get_key_release
                0x00002c5a       0x12 main.o
                0x00002c5a                get_key_release
 .text.get_key_press2
                0x00002c6c       0x12 main.o
                0x00002c6c                get_key_press2
 .text.get_key_release2
                0x00002c7e       0x12 main.o
                0x00002c7e                get_key_release2
 .text.get_key_press3
                0x00002c90       0x12 main.o
                0x00002c90                get_key_press3
 .text.get_key_release3
                0x00002ca2       0x12 main.o
                0x00002ca2                get_key_release3
 .text.sw_dir   0x00002cb4       0x38 main.o
                0x00002cb4                sw_dir
 .text.startup.main
                0x00002cec     0x3688 main.o
                0x00002cec                main
 .text.find_key_val
                0x00006374       0x9a websrv_help_functions.o
                0x00006374                find_key_val
 .text.find_key_val2
                0x0000640e       0x90 websrv_help_functions.o
                0x0000640e                find_key_val2
 .text.h2int    0x0000649e       0x28 websrv_help_functions.o
                0x0000649e                h2int
 .text.urldecode
                0x000064c6       0x66 websrv_help_functions.o
                0x000064c6                urldecode
 .text.libgcc.div
                0x0000652c       0x28 c:/program files (x86)/atmel/studio/7.0/toolchain/avr8/avr8-gnu-toolchain/bin/../lib/gcc/avr/5.4.0/avr5\libgcc.a(_udivmodhi4.o)
                0x0000652c                __udivmodhi4
 .text.libgcc.div
                0x00006554       0x28 c:/program files (x86)/atmel/studio/7.0/toolchain/avr8/avr8-gnu-toolchain/bin/../lib/gcc/avr/5.4.0/avr5\libgcc.a(_divmodhi4.o)
                0x00006554                _div
                0x00006554                __divmodhi4
 .text.avr-libc
                0x0000657c      0x1ea c:/program files (x86)/atmel/studio/7.0/toolchain/avr8/avr8-gnu-toolchain/bin/../lib/gcc/avr/5.4.0/../../../../avr/lib/avr5\libc.a(strtoul.o)
                0x0000657c                strtoul
 .text.avr-libc
                0x00006766       0x3c c:/program files (x86)/atmel/studio/7.0/toolchain/avr8/avr8-gnu-toolchain/bin/../lib/gcc/avr/5.4.0/../../../../avr/lib/avr5\libc.a(atoi.o)
                0x00006766                atoi
 .text.avr-libc
                0x000067a2        0x6 c:/program files (x86)/atmel/studio/7.0/toolchain/avr8/avr8-gnu-toolchain/bin/../lib/gcc/avr/5.4.0/../../../../avr/lib/avr5\libc.a(cty_isfalse.o)
                0x000067a2                __ctype_isfalse
                0x000067a6                __ctype_istrue
 .text.avr-libc
                0x000067a8       0x12 c:/program files (x86)/atmel/studio/7.0/toolchain/avr8/avr8-gnu-toolchain/bin/../lib/gcc/avr/5.4.0/../../../../avr/lib/avr5\libc.a(isspace.o)
                0x000067a8                isspace
 .text.avr-libc
                0x000067ba       0x10 c:/program files (x86)/atmel/studio/7.0/toolchain/avr8/avr8-gnu-toolchain/bin/../lib/gcc/avr/5.4.0/../../../../avr/lib/avr5\libc.a(isblank.o)
                0x000067ba                isblank
 .text.avr-libc
                0x000067ca       0x12 c:/program files (x86)/atmel/studio/7.0/toolchain/avr8/avr8-gnu-toolchain/bin/../lib/gcc/avr/5.4.0/../../../../avr/lib/avr5\libc.a(memcpy_P.o)
                0x000067ca                memcpy_P
 .text.avr-libc
                0x000067dc       0x1c c:/program files (x86)/atmel/studio/7.0/toolchain/avr8/avr8-gnu-toolchain/bin/../lib/gcc/avr/5.4.0/../../../../avr/lib/avr5\libc.a(strncmp_P.o)
                0x000067dc                strncmp_P
 .text.avr-libc
                0x000067f8        0xa c:/program files (x86)/atmel/studio/7.0/toolchain/avr8/avr8-gnu-toolchain/bin/../lib/gcc/avr/5.4.0/../../../../avr/lib/avr5\libc.a(strtok.o)
                0x000067f8                strtok
 .text.avr-libc
                0x00006802       0x1a c:/program files (x86)/atmel/studio/7.0/toolchain/avr8/avr8-gnu-toolchain/bin/../lib/gcc/avr/5.4.0/../../../../avr/lib/avr5\libc.a(memcmp.o)
                0x00006802                memcmp
 .text.avr-libc
                0x0000681c       0x16 c:/program files (x86)/atmel/studio/7.0/toolchain/avr8/avr8-gnu-toolchain/bin/../lib/gcc/avr/5.4.0/../../../../avr/lib/avr5\libc.a(strcat.o)
                0x0000681c                strcat
 .text.avr-libc
                0x00006832       0x16 c:/program files (x86)/atmel/studio/7.0/toolchain/avr8/avr8-gnu-toolchain/bin/../lib/gcc/avr/5.4.0/../../../../avr/lib/avr5\libc.a(strchr.o)
                0x00006832                strchr
 .text.avr-libc
                0x00006848       0x12 c:/program files (x86)/atmel/studio/7.0/toolchain/avr8/avr8-gnu-toolchain/bin/../lib/gcc/avr/5.4.0/../../../../avr/lib/avr5\libc.a(strcmp.o)
                0x00006848                strcmp
 .text.avr-libc
                0x0000685a        0xe c:/program files (x86)/atmel/studio/7.0/toolchain/avr8/avr8-gnu-toolchain/bin/../lib/gcc/avr/5.4.0/../../../../avr/lib/avr5\libc.a(strcpy.o)
                0x0000685a                strcpy
 .text.avr-libc
                0x00006868       0x1c c:/program files (x86)/atmel/studio/7.0/toolchain/avr8/avr8-gnu-toolchain/bin/../lib/gcc/avr/5.4.0/../../../../avr/lib/avr5\libc.a(strncmp.o)
                0x00006868                strncmp
 .text.avr-libc
                0x00006884       0x1e c:/program files (x86)/atmel/studio/7.0/toolchain/avr8/avr8-gnu-toolchain/bin/../lib/gcc/avr/5.4.0/../../../../avr/lib/avr5\libc.a(strncpy.o)
                0x00006884                strncpy
 .text.avr-libc
                0x000068a2       0x4e c:/program files (x86)/atmel/studio/7.0/toolchain/avr8/avr8-gnu-toolchain/bin/../lib/gcc/avr/5.4.0/../../../../avr/lib/avr5\libc.a(strtok_r.o)
                0x000068a2                strtok_r
 .text.avr-libc
                0x000068f0       0x16 c:/program files (x86)/atmel/studio/7.0/toolchain/avr8/avr8-gnu-toolchain/bin/../lib/gcc/avr/5.4.0/../../../../avr/lib/avr5\libc.a(itoa_ncheck.o)
                0x000068f0                __itoa_ncheck
 .text.avr-libc
                0x00006906       0x10 c:/program files (x86)/atmel/studio/7.0/toolchain/avr8/avr8-gnu-toolchain/bin/../lib/gcc/avr/5.4.0/../../../../avr/lib/avr5\libc.a(mul10.o)
                0x00006906                __mulhi_const_10
 .text.avr-libc
                0x00006916       0x34 c:/program files (x86)/atmel/studio/7.0/toolchain/avr8/avr8-gnu-toolchain/bin/../lib/gcc/avr/5.4.0/../../../../avr/lib/avr5\libc.a(utoa_ncheck.o)
                0x00006916                __utoa_ncheck
                0x00006918                __utoa_common
 .text.avr-libc
                0x0000694a       0x60 c:/program files (x86)/atmel/studio/7.0/toolchain/avr8/avr8-gnu-toolchain/bin/../lib/gcc/avr/5.4.0/../../../../avr/lib/avr5\libc.a(snprintf_p.o)
                0x0000694a                snprintf_P
 .text.avr-libc
                0x000069aa       0x44 c:/program files (x86)/atmel/studio/7.0/toolchain/avr8/avr8-gnu-toolchain/bin/../lib/gcc/avr/5.4.0/../../../../avr/lib/avr5\libc.a(sprintf.o)
                0x000069aa                sprintf
 .text.avr-libc
                0x000069ee      0x3c2 c:/program files (x86)/atmel/studio/7.0/toolchain/avr8/avr8-gnu-toolchain/bin/../lib/gcc/avr/5.4.0/../../../../avr/lib/avr5\libc.a(vfprintf_std.o)
                0x000069ee                vfprintf
 .text.avr-libc
                0x00006db0       0x16 c:/program files (x86)/atmel/studio/7.0/toolchain/avr8/avr8-gnu-toolchain/bin/../lib/gcc/avr/5.4.0/../../../../avr/lib/avr5\libc.a(strnlen_P.o)
                0x00006db0                strnlen_P
 .text.avr-libc
                0x00006dc6       0x16 c:/program files (x86)/atmel/studio/7.0/toolchain/avr8/avr8-gnu-toolchain/bin/../lib/gcc/avr/5.4.0/../../../../avr/lib/avr5\libc.a(strnlen.o)
                0x00006dc6                strnlen
 .text.avr-libc
                0x00006ddc       0x20 c:/program files (x86)/atmel/studio/7.0/toolchain/avr8/avr8-gnu-toolchain/bin/../lib/gcc/avr/5.4.0/../../../../avr/lib/avr5\libc.a(strrev.o)
                0x00006ddc                strrev
 .text.avr-libc
                0x00006dfc       0x78 c:/program files (x86)/atmel/studio/7.0/toolchain/avr8/avr8-gnu-toolchain/bin/../lib/gcc/avr/5.4.0/../../../../avr/lib/avr5\libc.a(fputc.o)
                0x00006dfc                fputc
 .text.avr-libc
                0x00006e74       0xbc c:/program files (x86)/atmel/studio/7.0/toolchain/avr8/avr8-gnu-toolchain/bin/../lib/gcc/avr/5.4.0/../../../../avr/lib/avr5\libc.a(ultoa_invert.o)
                0x00006e74                __ultoa_invert
 .text.avr-libc
                0x00006f30       0x20 c:/program files (x86)/atmel/studio/7.0/toolchain/avr8/avr8-gnu-toolchain/bin/../lib/gcc/avr/5.4.0/../../../../avr/lib/avr5\libatmega328p.a(eerd_block.o)
                0x00006f30                eeprom_read_block
                0x00006f34                eeprom_read_blraw
 .text.avr-libc
                0x00006f50       0x10 c:/program files (x86)/atmel/studio/7.0/toolchain/avr8/avr8-gnu-toolchain/bin/../lib/gcc/avr/5.4.0/../../../../avr/lib/avr5\libatmega328p.a(eerd_byte.o)
                0x00006f50                eeprom_read_byte
 .text.avr-libc
                0x00006f60        0xc c:/program files (x86)/atmel/studio/7.0/toolchain/avr8/avr8-gnu-toolchain/bin/../lib/gcc/avr/5.4.0/../../../../avr/lib/avr5\libatmega328p.a(eerd_word.o)
                0x00006f60                eeprom_read_word
 .text.avr-libc
                0x00006f6c       0x14 c:/program files (x86)/atmel/studio/7.0/toolchain/avr8/avr8-gnu-toolchain/bin/../lib/gcc/avr/5.4.0/../../../../avr/lib/avr5\libatmega328p.a(eewr_block.o)
                0x00006f6c                eeprom_write_block
 .text.avr-libc
                0x00006f80       0x1c c:/program files (x86)/atmel/studio/7.0/toolchain/avr8/avr8-gnu-toolchain/bin/../lib/gcc/avr/5.4.0/../../../../avr/lib/avr5\libatmega328p.a(eewr_byte.o)
                0x00006f80                eeprom_write_byte
                0x00006f82                eeprom_write_r18
 .text.avr-libc
                0x00006f9c        0xa c:/program files (x86)/atmel/studio/7.0/toolchain/avr8/avr8-gnu-toolchain/bin/../lib/gcc/avr/5.4.0/../../../../avr/lib/avr5\libatmega328p.a(eewr_word.o)
                0x00006f9c                eeprom_write_word
 .text.libgcc.mul
                0x00006fa6       0x20 c:/program files (x86)/atmel/studio/7.0/toolchain/avr8/avr8-gnu-toolchain/bin/../lib/gcc/avr/5.4.0/avr5\libgcc.a(_mulsi3.o)
                0x00006fa6                __mulsi3
 .text.libgcc.div
                0x00006fc6       0x44 c:/program files (x86)/atmel/studio/7.0/toolchain/avr8/avr8-gnu-toolchain/bin/../lib/gcc/avr/5.4.0/avr5\libgcc.a(_udivmodsi4.o)
                0x00006fc6                __udivmodsi4
 .text.libgcc.mul
                0x0000700a       0x16 c:/program files (x86)/atmel/studio/7.0/toolchain/avr8/avr8-gnu-toolchain/bin/../lib/gcc/avr/5.4.0/avr5\libgcc.a(_muluhisi3.o)
                0x0000700a                __muluhisi3
 .text.libgcc.prologue
                0x00007020       0x38 c:/program files (x86)/atmel/studio/7.0/toolchain/avr8/avr8-gnu-toolchain/bin/../lib/gcc/avr/5.4.0/avr5\libgcc.a(_prologue.o)
                0x00007020                __prologue_saves__
 .text.libgcc.prologue
                0x00007058       0x36 c:/program files (x86)/atmel/studio/7.0/toolchain/avr8/avr8-gnu-toolchain/bin/../lib/gcc/avr/5.4.0/avr5\libgcc.a(_epilogue.o)
                0x00007058                __epilogue_restores__
 .text.libgcc.mul
                0x0000708e       0x1e c:/program files (x86)/atmel/studio/7.0/toolchain/avr8/avr8-gnu-toolchain/bin/../lib/gcc/avr/5.4.0/avr5\libgcc.a(_umulhisi3.o)
                0x0000708e                __umulhisi3
                0x000070ac                . = ALIGN (0x2)
 *(.fini9)
 .fini9         0x000070ac        0x0 c:/program files (x86)/atmel/studio/7.0/toolchain/avr8/avr8-gnu-toolchain/bin/../lib/gcc/avr/5.4.0/avr5\libgcc.a(_exit.o)
                0x000070ac                _exit
                0x000070ac                exit
 *(.fini9)
 *(.fini8)
 *(.fini8)
 *(.fini7)
 *(.fini7)
 *(.fini6)
 *(.fini6)
 *(.fini5)
 *(.fini5)
 *(.fini4)
 *(.fini4)
 *(.fini3)
 *(.fini3)
 *(.fini2)
 *(.fini2)
 *(.fini1)
 *(.fini1)
 *(.fini0)
 .fini0         0x000070ac        0x4 c:/program files (x86)/atmel/studio/7.0/toolchain/avr8/avr8-gnu-toolchain/bin/../lib/gcc/avr/5.4.0/avr5\libgcc.a(_exit.o)
 *(.fini0)
                0x000070b0                _etext = .

.data           0x00800100      0x160 load address 0x000070b0
                0x00800100                PROVIDE (__data_start, .)
 *(.data)
 *(.data*)
 .data.ipid     0x00800100        0x1 ip_arp_udp_tcp.o
 .data.ipnetmask
                0x00800101        0x4 ip_arp_udp_tcp.o
 .data.arp_delaycnt
                0x00800105        0x2 ip_arp_udp_tcp.o
 .data.cur_input2
                0x00800107       0x10 ip_arp_udp_tcp.o
                0x00800107                cur_input2
 .data.tcpclient_src_port_l
                0x00800117        0x1 ip_arp_udp_tcp.o
 .data.seqnum   0x00800118        0x1 ip_arp_udp_tcp.o
 .data.ct5.2852
                0x00800119        0x1 main.o
 .data.ct4.2851
                0x0080011a        0x1 main.o
 .data.ct3.2850
                0x0080011b        0x1 main.o
 .data.ct2.2849
                0x0080011c        0x1 main.o
 .data.ct1.2848
                0x0080011d        0x1 main.o
 .data.ct0.2847
                0x0080011e        0x1 main.o
 .data.Bootloader
                0x0080011f        0x2 main.o
                0x0080011f                Bootloader
 .data.adc_timer
                0x00800121        0x4 main.o
                0x00800121                adc_timer
 .data.send_eth_flag2
                0x00800125        0x1 main.o
 .data.aio      0x00800126       0x20 main.o
                0x00800126                aio
 .data.gwmac    0x00800146        0x6 main.o
 .data.netmask  0x0080014c        0x4 main.o
 .data.myip     0x00800150        0x4 main.o
                0x00800150                myip
 .data.mymac    0x00800154        0x6 main.o
                0x00800154                mymac
 *(.rodata)
 *(.rodata*)
 .rodata.str1.1
                0x0080015a      0x105 main.o
                                0x122 (size before relaxing)
 *(.gnu.linkonce.d*)
                0x00800260                . = ALIGN (0x2)
 *fill*         0x0080025f        0x1 
                0x00800260                _edata = .
                0x00800260                PROVIDE (__data_end, .)

.bss            0x00800260      0x4f5
                0x00800260                PROVIDE (__bss_start, .)
 *(.bss)
 .bss           0x00800260        0x2 c:/program files (x86)/atmel/studio/7.0/toolchain/avr8/avr8-gnu-toolchain/bin/../lib/gcc/avr/5.4.0/../../../../avr/lib/avr5\libc.a(strtok.o)
 *(.bss*)
 .bss.buffer_overflow
                0x00800262        0x1 enc28j60.o
                0x00800262                buffer_overflow
 .bss.gNextPacketPtr
                0x00800263        0x2 enc28j60.o
 .bss.Enc28j60Bank
                0x00800265        0x1 enc28j60.o
 .bss.info_data_len
                0x00800266        0x2 ip_arp_udp_tcp.o
 .bss.arp_reference_number
                0x00800268        0x1 ip_arp_udp_tcp.o
 .bss.arpip_state
                0x00800269        0x1 ip_arp_udp_tcp.o
 .bss.arpip     0x0080026a        0x4 ip_arp_udp_tcp.o
 .bss.bufptr    0x0080026e        0x2 ip_arp_udp_tcp.o
 .bss.client_hoststr
                0x00800270        0x2 ip_arp_udp_tcp.o
 .bss.client_urlbuf_var
                0x00800272        0x2 ip_arp_udp_tcp.o
 .bss.client_urlbuf
                0x00800274        0x2 ip_arp_udp_tcp.o
 .bss.client_browser_callback
                0x00800276        0x2 ip_arp_udp_tcp.o
 .bss.www_fd    0x00800278        0x1 ip_arp_udp_tcp.o
 .bss.client_tcp_datafill_callback
                0x00800279        0x2 ip_arp_udp_tcp.o
 .bss.client_tcp_result_callback
                0x0080027b        0x2 ip_arp_udp_tcp.o
 .bss.tcp_client_port
                0x0080027d        0x2 ip_arp_udp_tcp.o
 .bss.tcp_client_state
                0x0080027f        0x1 ip_arp_udp_tcp.o
                0x0080027f                tcp_client_state
 .bss.tcp_dst_mac
                0x00800280        0x6 ip_arp_udp_tcp.o
 .bss.tcp_otherside_ip
                0x00800286        0x4 ip_arp_udp_tcp.o
 .bss.tcp_fd    0x0080028a        0x1 ip_arp_udp_tcp.o
 .bss.icmp_callback
                0x0080028b        0x2 ip_arp_udp_tcp.o
 .bss.ipaddr    0x0080028d        0x4 ip_arp_udp_tcp.o
 .bss.macaddr   0x00800291        0x6 ip_arp_udp_tcp.o
 .bss.port_num  0x00800297        0x1 main.o
                0x00800297                port_num
 .bss.isr_flag  0x00800298        0x1 main.o
                0x00800298                isr_flag
 .bss.dht11_humidity
                0x00800299        0x2 main.o
                0x00800299                dht11_humidity
 .bss.dht11_temperature
                0x0080029b        0x2 main.o
                0x0080029b                dht11_temperature
 .bss.arp_timeout
                0x0080029d        0x2 main.o
 .bss.cmd_delay_p
                0x0080029f       0x10 main.o
 .bss.srv_timeout_act
                0x008002af       0x20 main.o
 .bss.srv_timeout
                0x008002cf       0x20 main.o
 .bss.adc_check_flag
                0x008002ef        0x1 main.o
                0x008002ef                adc_check_flag
 .bss.reset_flag
                0x008002f0        0x1 main.o
                0x008002f0                reset_flag
 .bss.port_act  0x008002f1       0x10 main.o
 .bss.srv_loop_timer
                0x00800301        0x4 main.o
                0x00800301                srv_loop_timer
 .bss.srv_loop_timeout
                0x00800305        0x1 main.o
                0x00800305                srv_loop_timeout
 .bss.port_misc_cur
                0x00800306       0x20 main.o
 .bss._port_misc
                0x00800326       0x20 main.o
 .bss._port_m   0x00800346       0x10 main.o
 .bss._port_d   0x00800356       0x10 main.o
 .bss._port_type
                0x00800366       0x10 main.o
 .bss.gStrbuf   0x00800376       0x19 main.o
 .bss.buf       0x0080038f      0x322 main.o
 .bss.password  0x008006b1        0x7 main.o
 .bss.www_gwmac2
                0x008006b8        0x6 main.o
 *(COMMON)
 COMMON         0x008006be        0x2 ip_arp_udp_tcp.o
                0x008006be                client_arp_result_callback
 COMMON         0x008006c0       0x93 main.o
                0x008006c0                w_port
                0x008006c2                _ip_addr
                0x008006c6                w_ddr
                0x008006c8                dht_type
                0x008006c9                port_cnt
                0x008006e9                temp
                0x00800713                w_ocr
                0x00800715                input_state2
                0x00800716                input_release2
                0x00800717                input_press
                0x00800718                cur_input
                0x00800719                i
                0x0080071a                input_release
                0x0080071b                input_state3
                0x0080071c                input_state
                0x0080071d                _mdid
                0x00800723                _sip_addr
                0x00800727                shost
                0x0080073b                input_press2
                0x0080073c                port_letter
                0x0080073d                w_pin
                0x0080073f                input_release3
                0x00800740                input_press3
                0x00800741                _spt
                0x00800751                _srv_port
 COMMON         0x00800753        0x2 c:/program files (x86)/atmel/studio/7.0/toolchain/avr8/avr8-gnu-toolchain/bin/../lib/gcc/avr/5.4.0/../../../../avr/lib/avr5\libc.a(errno.o)
                0x00800753                errno
                0x00800755                PROVIDE (__bss_end, .)
                0x000070b0                __data_load_start = LOADADDR (.data)
                0x00007210                __data_load_end = (__data_load_start + SIZEOF (.data))

.noinit         0x00800755        0x0
                [!provide]                PROVIDE (__noinit_start, .)
 *(.noinit*)
                [!provide]                PROVIDE (__noinit_end, .)
                0x00800755                _end = .
                [!provide]                PROVIDE (__heap_start, .)

.eeprom         0x00810000      0x327
 *(.eeprom*)
 .eeprom        0x00810000      0x327 main.o
                0x00810000                ee_port_hyst
                0x00810020                ee_srv_loop
                0x00810021                ee_srv_port
                0x00810023                ee_port_misc
                0x00810043                ee_port_m
                0x00810053                ee_port_d
                0x00810063                ee_port_type
                0x00810073                ee_netact_flag
                0x00810083                ee_eth_cmd
                0x00810193                ee_cmd
                0x00810303                ee_mdid
                0x00810308                ee_alarm_temp
                0x00810309                ee_preset
                0x0081030a                ee_pwd
                0x00810310                ee_spt
                0x0081031f                ee_gw_addr
                0x00810323                ee_sip_addr
                0x00810327                __eeprom_end = .

.fuse
 *(.fuse)
 *(.lfuse)
 *(.hfuse)
 *(.efuse)

.lock
 *(.lock*)

.signature
 *(.signature*)

.user_signatures
 *(.user_signatures*)

.stab
 *(.stab)

.stabstr
 *(.stabstr)

.stab.excl
 *(.stab.excl)

.stab.exclstr
 *(.stab.exclstr)

.stab.index
 *(.stab.index)

.stab.indexstr
 *(.stab.indexstr)

.comment        0x00000000       0x5c
 *(.comment)
 .comment       0x00000000       0x30 enc28j60.o
                                 0x31 (size before relaxing)
 .comment       0x00000030       0x31 hw_dht.o
 .comment       0x00000030       0x31 ip_arp_udp_tcp.o
 .comment       0x00000030       0x31 main.o
 .comment       0x00000030       0x31 websrv_help_functions.o
 .comment       0x00000030       0x31 c:/program files (x86)/atmel/studio/7.0/toolchain/avr8/avr8-gnu-toolchain/bin/../lib/gcc/avr/5.4.0/../../../../avr/lib/avr5\libc.a(strtoul.o)
 .comment       0x00000030       0x31 c:/program files (x86)/atmel/studio/7.0/toolchain/avr8/avr8-gnu-toolchain/bin/../lib/gcc/avr/5.4.0/../../../../avr/lib/avr5\libc.a(strtok.o)
 .comment       0x00000030       0x31 c:/program files (x86)/atmel/studio/7.0/toolchain/avr8/avr8-gnu-toolchain/bin/../lib/gcc/avr/5.4.0/../../../../avr/lib/avr5\libc.a(snprintf_p.o)
 .comment       0x00000030       0x31 c:/program files (x86)/atmel/studio/7.0/toolchain/avr8/avr8-gnu-toolchain/bin/../lib/gcc/avr/5.4.0/../../../../avr/lib/avr5\libc.a(sprintf.o)
 .comment       0x00000030       0x2c c:/program files (x86)/atmel/studio/7.0/toolchain/avr8/avr8-gnu-toolchain/bin/../lib/gcc/avr/5.4.0/../../../../avr/lib/avr5\libc.a(vfprintf_std.o)
                                 0x2d (size before relaxing)
 .comment       0x0000005c       0x2d c:/program files (x86)/atmel/studio/7.0/toolchain/avr8/avr8-gnu-toolchain/bin/../lib/gcc/avr/5.4.0/../../../../avr/lib/avr5\libc.a(errno.o)
 .comment       0x0000005c       0x31 c:/program files (x86)/atmel/studio/7.0/toolchain/avr8/avr8-gnu-toolchain/bin/../lib/gcc/avr/5.4.0/../../../../avr/lib/avr5\libc.a(fputc.o)

.note.gnu.avr.deviceinfo
                0x00000000       0x40
 .note.gnu.avr.deviceinfo
                0x00000000       0x40 c:/program files (x86)/atmel/studio/7.0/toolchain/avr8/avr8-gnu-toolchain/bin/../lib/gcc/avr/5.4.0/../../../../avr/lib/avr5/crtatmega328p.o

.note.gnu.build-id
 *(.note.gnu.build-id)

.debug
 *(.debug)

.line
 *(.line)

.debug_srcinfo
 *(.debug_srcinfo)

.debug_sfnames
 *(.debug_sfnames)

.debug_aranges  0x00000000      0x358
 *(.debug_aranges)
 .debug_aranges
                0x00000000       0xa8 enc28j60.o
 .debug_aranges
                0x000000a8       0x28 hw_dht.o
 .debug_aranges
                0x000000d0      0x140 ip_arp_udp_tcp.o
 .debug_aranges
                0x00000210       0xf0 main.o
 .debug_aranges
                0x00000300       0x58 websrv_help_functions.o

.debug_pubnames
 *(.debug_pubnames)

.debug_info     0x00000000     0x9938
 *(.debug_info .gnu.linkonce.wi.*)
 .debug_info    0x00000000      0x5f4 c:/program files (x86)/atmel/studio/7.0/toolchain/avr8/avr8-gnu-toolchain/bin/../lib/gcc/avr/5.4.0/../../../../avr/lib/avr5/crtatmega328p.o
 .debug_info    0x000005f4      0xc66 enc28j60.o
 .debug_info    0x0000125a      0x464 hw_dht.o
 .debug_info    0x000016be     0x1ab9 ip_arp_udp_tcp.o
 .debug_info    0x00003177     0x62b5 main.o
 .debug_info    0x0000942c      0x50c websrv_help_functions.o

.debug_abbrev   0x00000000     0x13b4
 *(.debug_abbrev)
 .debug_abbrev  0x00000000      0x5a2 c:/program files (x86)/atmel/studio/7.0/toolchain/avr8/avr8-gnu-toolchain/bin/../lib/gcc/avr/5.4.0/../../../../avr/lib/avr5/crtatmega328p.o
 .debug_abbrev  0x000005a2      0x23a enc28j60.o
 .debug_abbrev  0x000007dc      0x1c7 hw_dht.o
 .debug_abbrev  0x000009a3      0x3da ip_arp_udp_tcp.o
 .debug_abbrev  0x00000d7d      0x417 main.o
 .debug_abbrev  0x00001194      0x220 websrv_help_functions.o

.debug_line     0x00000000     0x44c1
 *(.debug_line .debug_line.* .debug_line_end)
 .debug_line    0x00000000       0x1a c:/program files (x86)/atmel/studio/7.0/toolchain/avr8/avr8-gnu-toolchain/bin/../lib/gcc/avr/5.4.0/../../../../avr/lib/avr5/crtatmega328p.o
 .debug_line    0x0000001a      0x601 enc28j60.o
 .debug_line    0x0000061b      0x233 hw_dht.o
 .debug_line    0x0000084e      0xdd2 ip_arp_udp_tcp.o
 .debug_line    0x00001620     0x2a37 main.o
 .debug_line    0x00004057      0x46a websrv_help_functions.o

.debug_frame    0x00000000      0xb8c
 *(.debug_frame)
 .debug_frame   0x00000000      0x1bc enc28j60.o
 .debug_frame   0x000001bc       0x7c hw_dht.o
 .debug_frame   0x00000238      0x4a0 ip_arp_udp_tcp.o
 .debug_frame   0x000006d8      0x354 main.o
 .debug_frame   0x00000a2c      0x160 websrv_help_functions.o

.debug_str      0x00000000     0x1343
 *(.debug_str)
 .debug_str     0x00000000      0x208 c:/program files (x86)/atmel/studio/7.0/toolchain/avr8/avr8-gnu-toolchain/bin/../lib/gcc/avr/5.4.0/../../../../avr/lib/avr5/crtatmega328p.o
 .debug_str     0x00000208      0x301 enc28j60.o
                                0x342 (size before relaxing)
 .debug_str     0x00000509       0xf1 hw_dht.o
                                0x29f (size before relaxing)
 .debug_str     0x000005fa      0x5c9 ip_arp_udp_tcp.o
                                0x813 (size before relaxing)
 .debug_str     0x00000bc3      0x6ee main.o
                                0xb6b (size before relaxing)
 .debug_str     0x000012b1       0x92 websrv_help_functions.o
                                0x267 (size before relaxing)

.debug_loc      0x00000000     0x6f24
 *(.debug_loc)
 .debug_loc     0x00000000      0x72c enc28j60.o
 .debug_loc     0x0000072c      0x4e3 hw_dht.o
 .debug_loc     0x00000c0f     0x2477 ip_arp_udp_tcp.o
 .debug_loc     0x00003086     0x32ee main.o
 .debug_loc     0x00006374      0xbb0 websrv_help_functions.o

.debug_macinfo
 *(.debug_macinfo)

.debug_weaknames
 *(.debug_weaknames)

.debug_funcnames
 *(.debug_funcnames)

.debug_typenames
 *(.debug_typenames)

.debug_varnames
 *(.debug_varnames)

.debug_pubtypes
 *(.debug_pubtypes)

.debug_ranges   0x00000000      0x540
 *(.debug_ranges)
 .debug_ranges  0x00000000       0xb0 enc28j60.o
 .debug_ranges  0x000000b0       0x18 hw_dht.o
 .debug_ranges  0x000000c8      0x160 ip_arp_udp_tcp.o
 .debug_ranges  0x00000228      0x2a0 main.o
 .debug_ranges  0x000004c8       0x78 websrv_help_functions.o

.debug_macro
 *(.debug_macro)
OUTPUT(MegaDubnino.elf elf32-avr)
LOAD linker stubs
